[theme330-drugs.myshopify.com/index.html]
[backblue.gif]
[fade.gif]
[index.html]
[cdn.shopify.com/s/files/1/1987/4325/files/index_7956cef2-3d08-44b3-944b-e176e540893e_32x329fee.png]
[cdn.shopify.com/s/files/1/1987/4325/t/2/assets/shopify_logo315e.gif]
[cdn.shopify.com/s/javascripts/currencies.js]
[cdn.shopify.com/s/files/1/1987/4325/t/2/assets/currency-tools315e.js]
[cdn.shopify.com/s/files/1/1987/4325/files/logo-slogan_1024x10247b3d.png]
[theme330-drugs.myshopify.com/account/login.html]
[theme330-drugs.myshopify.com/cart.html]
[theme330-drugs.myshopify.com/collections.html]
[theme330-drugs.myshopify.com/pages/about-us.html]
[theme330-drugs.myshopify.com/blogs/blog.html]
[theme330-drugs.myshopify.com/collections/braces-support.html]
[theme330-drugs.myshopify.com/pages/contact-us.html]
[theme330-drugs.myshopify.com/collections/drops.html]
[theme330-drugs.myshopify.com/collections/herbal.html]
[theme330-drugs.myshopify.com/collections/syrup.html]
[theme330-drugs.myshopify.com/collections/tablets.html]
[theme330-drugs.myshopify.com/collections/drinks-shakes.html]
[theme330-drugs.myshopify.com/collections/feminine-care.html]
[theme330-drugs.myshopify.com/collections/health-monitors-tests.html]
[theme330-drugs.myshopify.com/collections/toiletry-kits.html]
[cdn.shopify.com/s/files/1/1987/4325/articles/blog1_img_470x280_crop_center2d1a.jpg]
[theme330-drugs.myshopify.com/blogs/blog/drug-shortages-has-the-fda-response-made-an-impact.html]
[cdn.shopify.com/s/files/1/1987/4325/articles/blog2_img_470x280_crop_center0513.jpg]
[cdn.shopify.com/s/files/1/1987/4325/articles/blog3_img_470x280_crop_centerb5dd.jpg]
[theme330-drugs.myshopify.com/products/alka-seltzer-original-effervescent-tablets.html]
[cdn.shopify.com/s/files/1/1987/4325/products/alka_seltzer_original_effervescent_tablets_1_255x9581.png]
[cdn.shopify.com/s/files/1/1987/4325/products/best_colon_detox_formula_advanced_colon_detox_supplement_1_255x799c.png]
[theme330-drugs.myshopify.com/products/herb-pharm-stone-breaker-compound-for-urinary-system-support.html]
[cdn.shopify.com/s/files/1/1987/4325/products/herb_pharm_stone_breaker_compound_for_urinary_system_support_1_255x3445.png]
[cdn.shopify.com/s/files/1/1987/4325/products/himalaya_herbal_healthcare_uricare_cystone_urinary_comfort_1_255xef04.png]
[cdn.shopify.com/s/files/1/1987/4325/files/slide1_2048x960_crop_center9c53.jpg]
[cdn.shopify.com/s/files/1/1987/4325/files/slide2_2048x960_crop_topdf36.jpg]
[cdn.shopify.com/s/files/1/1987/4325/files/slide3_2048x960_crop_center88c9.jpg]
[theme330-drugs.myshopify.com/products/garden-of-life-raw-enzymes-men.html]
[cdn.shopify.com/s/files/1/1987/4325/files/gallary_img1_370x370_crop_center0561.jpg]
[cdn.shopify.com/s/files/1/1987/4325/files/gallary_img2_760x370_crop_center5507.jpg]
[cdn.shopify.com/s/files/1/1987/4325/files/gallary_img3_370x370_crop_center65a0.jpg]
[cdn.shopify.com/s/files/1/1987/4325/files/collection1_220x224b1d1.jpg]
[cdn.shopify.com/s/files/1/1987/4325/files/collection2_220x2241693.jpg]
[cdn.shopify.com/s/files/1/1987/4325/files/collection3_220x2241e8a.jpg]
[cdn.shopify.com/s/files/1/1987/4325/files/collection4_220x22445fc.jpg]
[cdn.shopify.com/s/files/1/1987/4325/files/collection5_220x2247eb7.jpg]
[cdn.shopify.com/s/files/1/1987/4325/files/collection6_220x224760e.jpg]
[theme330-drugs.myshopify.com/collections/new-products/products/quantum-migrelief-60-tabs-1-bottle.html]
[cdn.shopify.com/s/files/1/1987/4325/products/quantum_migrelief_60_tabs_1_bottle_1_220x220_crop_top6cd3.png]
[theme330-drugs.myshopify.com/products/quantum-migrelief-60-tabs-1-bottle.html]
[theme330-drugs.myshopify.com/collections/new-products/products/nexium-24hr-capsules-42-count.html]
[cdn.shopify.com/s/files/1/1987/4325/products/nexium_24hr_capsules_42_count_1_220x220_crop_topdcd6.png]
[theme330-drugs.myshopify.com/products/nexium-24hr-capsules-42-count.html]
[theme330-drugs.myshopify.com/collections/new-products/products/nature-made-vitamin-d3-2000-iu-value.html]
[cdn.shopify.com/s/files/1/1987/4325/products/nature_made_vitamin_d3_2000_iu_value_1_220x220_crop_top4c45.png]
[theme330-drugs.myshopify.com/products/nature-made-vitamin-d3-2000-iu-value.html]
[theme330-drugs.myshopify.com/collections/new-products/products/natures-way-umcka-coldcare-childrens-cherry-syrup.html]
[cdn.shopify.com/s/files/1/1987/4325/products/nature_s_way_umcka_coldcare_children_s_cherry_syrup_1_220x220_crop_top14e9.png]
[theme330-drugs.myshopify.com/products/natures-way-umcka-coldcare-childrens-cherry-syrup.html]
[theme330-drugs.myshopify.com/collections/tablets/products/alka-seltzer-original-effervescent-tablets.html]
[cdn.shopify.com/s/files/1/1987/4325/products/alka_seltzer_original_effervescent_tablets_1_220x220_crop_top9581.png]
[theme330-drugs.myshopify.com/collections/tablets/products/best-colon-detox-formula-advanced-colon-detox-supplement.html]
[cdn.shopify.com/s/files/1/1987/4325/products/best_colon_detox_formula_advanced_colon_detox_supplement_1_220x220_crop_top799c.png]
[theme330-drugs.myshopify.com/collections/tablets/products/herb-pharm-stone-breaker-compound-for-urinary-system-support.html]
[cdn.shopify.com/s/files/1/1987/4325/products/herb_pharm_stone_breaker_compound_for_urinary_system_support_1_220x220_crop_top3445.png]
[theme330-drugs.myshopify.com/collections/tablets/products/himalaya-herbal-healthcare-uricare-cystone-urinary-comfort.html]
[cdn.shopify.com/s/files/1/1987/4325/products/himalaya_herbal_healthcare_uricare_cystone_urinary_comfort_1_220x220_crop_topef04.png]
[cdn.shopify.com/s/files/1/1987/4325/articles/blog1_img_500x300_crop_center2d1a.jpg]
[cdn.shopify.com/s/files/1/1987/4325/articles/blog2_img_500x300_crop_center0513.jpg]
[cdn.shopify.com/s/files/1/1987/4325/articles/blog3_img_500x300_crop_centerb5dd.jpg]
[cdn.shopify.com/s/files/1/1987/4325/files/logo1_35195c9d-1324-40f3-b5f3-4d131a135341_155x62_crop_centerfc82.jpg]
[cdn.shopify.com/s/files/1/1987/4325/files/logo2_9caff6c6-1d87-4ab7-be5e-81be06c62ee7_155x62_crop_centerc7a8.jpg]
[theme330-drugs.myshopify.com/products/hylands-bioplasma-tablets-1000-tablets.html]
[theme330-drugs.myshopify.com/products/hylands-defend-cough-and-cold-8-ounce.html]
[cdn.shopify.com/s/files/1/1987/4325/files/logo3_6735dd34-3b51-4da1-8264-1a864250326d_155x62_crop_center5c49.jpg]
[theme330-drugs.myshopify.com/products/jarrow-formulas-methylcobalamin.html]
[cdn.shopify.com/s/files/1/1987/4325/files/logo4_1e646814-b008-4ea3-87fc-738ac5c18b21_155x62_crop_center2681.jpg]
[theme330-drugs.myshopify.com/products/muscle-pharm-cla-1000-mg-softgel-capsules.html]
[cdn.shopify.com/s/files/1/1987/4325/files/logo5_46315dbd-1100-4845-b33a-de51b18c3e09_155x62_crop_centerfced.jpg]
[theme330-drugs.myshopify.com/products/natrol-biotin-10000-mcg-maximum-strength-tablets.html]
[cdn.shopify.com/s/files/1/1987/4325/files/logo6_82af65b9-4335-4e59-bc22-949ca830d38c_155x62_crop_centera3b5.jpg]
[cdn.shopify.com/s/files/1/1987/4325/files/logo7_c1ae41fa-070d-4df1-bebc-8677aa78af9e_155x62_crop_centera9d2.jpg]
[theme330-drugs.myshopify.com/products/sundown-naturals-inulin-fiber-prebiotic-mineral-supplement-capsules.html]
[cdn.shopify.com/s/files/1/1987/4325/files/logo8_419e0036-3bcb-403a-a8d4-74fd784ad895_155x62_crop_centerab7a.jpg]
[theme330-drugs.myshopify.com/products/ricola-cough-suppressant-throat-drops-green-tea-with-echinacea-sugar-free.html]
[cdn.shopify.com/s/files/1/1987/4325/files/logo9_94fb0403-5345-42d6-a1af-0148eb19ff5d_155x62_crop_centerd0bd.jpg]
[theme330-drugs.myshopify.com/search.html]
[cdn.shopify.com/s/files/1/1987/4325/t/2/assets/assets315e.js]
[cdn.shopify.com/s/files/1/1987/4325/t/2/assets/shop315e.js]
[cdn.shopify.com/s/files/1/1987/4325/t/2/assets/style.scss315e.css]
[cdn.shopify.com/s/files/1/1987/4325/t/2/assets/responsive.scss315e.css]
[cdn.shopify.com/s/javascripts/tricorder/trekkie.storefront.min97e4.js]
[cdn.shopify.com/s/assets/shop_events_listener-f2c5800305098f0ebebdfa7d980c9abf56514c46d5305e97a7c476f7c9116163.js]
[cdn.shopify.com/s/assets/storefront/express_buttons-07cf21d8b6143412130e2c852aeea38b997aee6b4b834e6c0faa66d8de901219.js]
[cdn.shopify.com/s/files/1/1987/4325/t/2/compiled_assets/scripts315e.js]
[theme330-drugs.myshopify.com/index.html]
[cdn.shopify.com/s/assets/themes_support/shopify_common-040322ee69221c50a47032355f2f7e6cbae505567e2157d53dfb0a2e7701839c.js]
[cdn.shopify.com/s/assets/themes_support/customer_area-4beccea87758d91106a581ba89341d9b51842f6da79209258c8297239e950343.js]
[theme330-drugs.myshopify.com/account/login.html]
[theme330-drugs.myshopify.com/cart.html]
[cdn.shopify.com/s/files/1/1987/4325/collections/nature_s_way_umcka_original_alcohol_free_drops_1_363x363_crop_top1d81.png]
[cdn.shopify.com/s/files/1/1987/4325/collections/natural_factors_vitamin_c_blueberry_raspberry_boysenberry_chewables_1_363x363_crop_top8c27.png]
[cdn.shopify.com/s/files/1/1987/4325/collections/herb_pharm_stone_breaker_compound_for_urinary_system_support_1_363x363_crop_top342a.png]
[cdn.shopify.com/s/files/1/1987/4325/collections/himalaya_herbal_healthcare_uricare_cystone_urinary_comfort_1_363x363_crop_topa415.png]
[cdn.shopify.com/s/files/1/1987/4325/collections/ricola_cough_suppressant_throat_drops_green_tea_with_echinacea_sugar_free_1_363x363_crop_top1c44.png]
[cdn.shopify.com/s/files/1/1987/4325/collections/nature_s_bounty_biotin_10000_mcg_softgels_120_count_1_363x363_crop_top1153.png]
[cdn.shopify.com/s/files/1/1987/4325/collections/quantum_migrelief_60_tabs_1_bottle_1_363x363_crop_topadbe.png]
[theme330-drugs.myshopify.com/collections/new-products.html]
[cdn.shopify.com/s/files/1/1987/4325/products/quantum_migrelief_60_tabs_1_bottle_1_363x363_crop_top6cd3.png]
[cdn.shopify.com/s/files/1/1987/4325/collections/jarrow_formulas_methylcobalamin_1_363x363_crop_top98d5.png]
[cdn.shopify.com/s/files/1/1987/4325/collections/alka_seltzer_original_effervescent_tablets_1_363x363_crop_topcb45.png]
[cdn.shopify.com/s/files/1/1987/4325/collections/hyland_s_defend_cough_and_cold_8_ounce_1_363x363_crop_topea57.png]
[cdn.shopify.com/s/global/list_collectionsbeed.css]
[theme330-drugs.myshopify.com/collections.html]
[cdn.shopify.com/s/files/1/1987/4325/files/photo_1_270x270f071.jpg]
[cdn.shopify.com/s/files/1/1987/4325/files/photo_2_270x270e05d.jpg]
[cdn.shopify.com/s/files/1/1987/4325/files/photo_3_270x2707dd4.jpg]
[cdn.shopify.com/s/files/1/1987/4325/files/about_4_270x270_cbee8771-8c91-4ea5-9885-628528c8205b_270x2702464.jpg]
[theme330-drugs.myshopify.com/pages/about-us.html]
[theme330-drugs.myshopify.com/blogs/blog.atom]
[theme330-drugs.myshopify.com/blogs/blog/tagged/drops.html]
[theme330-drugs.myshopify.com/blogs/blog/tagged/drugstore.html]
[theme330-drugs.myshopify.com/blogs/blog/tagged/herbal.html]
[theme330-drugs.myshopify.com/blogs/blog/tagged/syrup.html]
[theme330-drugs.myshopify.com/blogs/blog/tagged/tablets.html]
[theme330-drugs.myshopify.com/blogs/blog/tagged/vitamins.html]
[cdn.shopify.com/s/files/1/1987/4325/articles/blog1_img_370x208_crop_center2d1a.jpg]
[cdn.shopify.com/s/files/1/1987/4325/articles/blog2_img_370x208_crop_center0513.jpg]
[cdn.shopify.com/s/files/1/1987/4325/articles/blog3_img_370x208_crop_centerb5dd.jpg]
[theme330-drugs.myshopify.com/blogs/blog.html]
[theme330-drugs.myshopify.com/collections/braces-support/products/alka-seltzer-original-effervescent-tablets]
[theme330-drugs.myshopify.com/collections/braces-support/products/alka-seltzer-original-effervescent-tablets]
[theme330-drugs.myshopify.com/collections/braces-support/products/best-colon-detox-formula-advanced-colon-detox-supplement]
[theme330-drugs.myshopify.com/collections/braces-support/products/best-colon-detox-formula-advanced-colon-detox-supplement]
[theme330-drugs.myshopify.com/collections/braces-support/products/herb-pharm-stone-breaker-compound-for-urinary-system-support]
[theme330-drugs.myshopify.com/collections/braces-support/drops.html]
[theme330-drugs.myshopify.com/collections/braces-support/drugstore.html]
[theme330-drugs.myshopify.com/collections/braces-support/syrup.html]
[theme330-drugs.myshopify.com/collections/braces-support/tablets.html]
[theme330-drugs.myshopify.com/collections/braces-support/vitamins.html]
[cdn.shopify.com/s/files/1/1987/4325/products/sundown_naturals_inulin_fiber_prebiotic_mineral_supplement_capsules_1_270x270_crop_center4b76.png]
[theme330-drugs.myshopify.com/collections/braces-support/products/ricola-cough-suppressant-throat-drops-green-tea-with-echinacea-sugar-free.html]
[cdn.shopify.com/s/files/1/1987/4325/products/ricola_cough_suppressant_throat_drops_green_tea_with_echinacea_sugar_free_1_270x270_crop_centera873.png]
[theme330-drugs.myshopify.com/collections/braces-support/products/nexium-24hr-capsules-42-count.html]
[cdn.shopify.com/s/files/1/1987/4325/products/nexium_24hr_capsules_42_count_1_270x270_crop_centerdcd6.png]
[theme330-drugs.myshopify.com/collections/braces-support/products/natures-way-umcka-original-alcohol-free-drops.html]
[cdn.shopify.com/s/files/1/1987/4325/products/nature_s_way_umcka_original_alcohol_free_drops_1_270x270_crop_center393a.png]
[theme330-drugs.myshopify.com/collections/braces-support/products/natures-bounty-biotin-10000-mcg-softgels-120-count.html]
[cdn.shopify.com/s/files/1/1987/4325/products/nature_s_bounty_biotin_10000_mcg_softgels_120_count_1_270x270_crop_centerf145.png]
[theme330-drugs.myshopify.com/products/natures-bounty-biotin-10000-mcg-softgels-120-count.html]
[theme330-drugs.myshopify.com/collections/braces-support/products/nature-made-vitamin-d3-2000-iu-value.html]
[cdn.shopify.com/s/files/1/1987/4325/products/nature_made_vitamin_d3_2000_iu_value_1_270x270_crop_center4c45.png]
[theme330-drugs.myshopify.com/collections/braces-support/products/natrol-cetylpure-capsules-120-count.html]
[cdn.shopify.com/s/files/1/1987/4325/products/natrol_cetylpure_capsules_120_count_1_270x270_crop_center70fb.png]
[theme330-drugs.myshopify.com/products/natrol-cetylpure-capsules-120-count.html]
[theme330-drugs.myshopify.com/collections/braces-support/products/natrol-biotin-10000-mcg-maximum-strength-tablets.html]
[cdn.shopify.com/s/files/1/1987/4325/products/natrol_biotin_10000_mcg_maximum_strength_tablets_1_270x270_crop_center9a93.png]
[theme330-drugs.myshopify.com/collections/braces-support.oembed]
[theme330-drugs.myshopify.com/collections/braces-support.html]
[theme330-drugs.myshopify.com/pages/contact-us.html]
[theme330-drugs.myshopify.com/collections/braces-support.atom]
[theme330-drugs.myshopify.com/collections/drops/products/alka-seltzer-original-effervescent-tablets]
[theme330-drugs.myshopify.com/collections/drops/products/alka-seltzer-original-effervescent-tablets]
[theme330-drugs.myshopify.com/collections/drops/drops.html]
[theme330-drugs.myshopify.com/collections/drops/drugstore.html]
[theme330-drugs.myshopify.com/collections/drops/syrup.html]
[theme330-drugs.myshopify.com/collections/drops/vitamins.html]
[theme330-drugs.myshopify.com/collections/drops/products/natures-bounty-biotin-10000-mcg-softgels-120-count.html]
[theme330-drugs.myshopify.com/collections/drops/products/natural-factors-vitamin-c-blueberry-raspberry-boysenberry-chewables.html]
[cdn.shopify.com/s/files/1/1987/4325/products/natural_factors_vitamin_c_blueberry_raspberry_boysenberry_chewables_1_270x270_crop_center6341.png]
[theme330-drugs.myshopify.com/collections/drops/products/natrol-biotin-10000-mcg-maximum-strength-tablets.html]
[theme330-drugs.myshopify.com/collections/drops/products/jarrow-formulas-methylcobalamin.html]
[cdn.shopify.com/s/files/1/1987/4325/products/jarrow_formulas_methylcobalamin_1_270x270_crop_centerdde1.png]
[theme330-drugs.myshopify.com/collections/drops.oembed]
[theme330-drugs.myshopify.com/collections/drops.html]
[theme330-drugs.myshopify.com/collections/drops.atom]
[theme330-drugs.myshopify.com/collections/herbal/products/alka-seltzer-original-effervescent-tablets]
[theme330-drugs.myshopify.com/collections/herbal/products/alka-seltzer-original-effervescent-tablets]
[theme330-drugs.myshopify.com/collections/herbal/products/best-colon-detox-formula-advanced-colon-detox-supplement]
[theme330-drugs.myshopify.com/collections/herbal/drops.html]
[theme330-drugs.myshopify.com/collections/herbal/drugstore.html]
[theme330-drugs.myshopify.com/collections/herbal/syrup.html]
[theme330-drugs.myshopify.com/collections/herbal/products/sundown-naturals-inulin-fiber-prebiotic-mineral-supplement-capsules.html]
[theme330-drugs.myshopify.com/collections/herbal/products/natrol-biotin-10000-mcg-maximum-strength-tablets.html]
[theme330-drugs.myshopify.com/collections/herbal.oembed]
[theme330-drugs.myshopify.com/collections/herbal.html]
[theme330-drugs.myshopify.com/collections/syrup/products/himalaya-herbal-healthcare-uricare-cystone-urinary-comfort]
[theme330-drugs.myshopify.com/collections/syrup/syrup.html]
[theme330-drugs.myshopify.com/collections/syrup/tablets.html]
[theme330-drugs.myshopify.com/collections/syrup/products/natural-factors-vitamin-c-blueberry-raspberry-boysenberry-chewables.html]
[theme330-drugs.myshopify.com/collections/syrup/products/jarrow-formulas-methylcobalamin.html]
[theme330-drugs.myshopify.com/collections/syrup/products/hylands-bioplasma-tablets-1000-tablets.html]
[cdn.shopify.com/s/files/1/1987/4325/products/hyland_s_bioplasma_tablets_1000_tablets_1_270x270_crop_center89f0.png]
[cdn.shopify.com/s/files/1/1987/4325/products/herb_pharm_stone_breaker_compound_for_urinary_system_support_1_270x270_crop_center3445.png]
[cdn.shopify.com/s/files/1/1987/4325/products/best_colon_detox_formula_advanced_colon_detox_supplement_1_270x270_crop_center799c.png]
[theme330-drugs.myshopify.com/collections/syrup.oembed]
[theme330-drugs.myshopify.com/collections/syrup.html]
[theme330-drugs.myshopify.com/collections/syrup.atom]
[theme330-drugs.myshopify.com/collections/tablets/drops.html]
[theme330-drugs.myshopify.com/collections/tablets/drugstore.html]
[theme330-drugs.myshopify.com/collections/tablets/herbal.html]
[theme330-drugs.myshopify.com/collections/tablets/syrup.html]
[theme330-drugs.myshopify.com/collections/tablets/tablets.html]
[theme330-drugs.myshopify.com/collections/tablets/vitamins.html]
[theme330-drugs.myshopify.com/collections/tablets/vitamins-tablets.html]
[cdn.shopify.com/s/files/1/1987/4325/products/alka_seltzer_original_effervescent_tablets_1_270x270_crop_center9581.png]
[cdn.shopify.com/s/files/1/1987/4325/products/himalaya_herbal_healthcare_uricare_cystone_urinary_comfort_1_270x270_crop_centeref04.png]
[theme330-drugs.myshopify.com/collections/tablets/products/hylands-bioplasma-tablets-1000-tablets.html]
[theme330-drugs.myshopify.com/collections/tablets/products/hylands-defend-cough-and-cold-8-ounce.html]
[cdn.shopify.com/s/files/1/1987/4325/products/hyland_s_defend_cough_and_cold_8_ounce_1_270x270_crop_centerf0cf.png]
[theme330-drugs.myshopify.com/collections/tablets/products/jarrow-formulas-methylcobalamin.html]
[theme330-drugs.myshopify.com/collections/tablets/products/muscle-pharm-cla-1000-mg-softgel-capsules.html]
[cdn.shopify.com/s/files/1/1987/4325/products/muscle_pharm_cla_1000_mg_softgel_capsules_1_270x270_crop_center16ee.png]
[theme330-drugs.myshopify.com/collections/tablets4658.html]
[theme330-drugs.myshopify.com/collections/tablets9ba9.html]
[theme330-drugs.myshopify.com/collections/tablets.oembed]
[theme330-drugs.myshopify.com/collections/tablets.html]
[theme330-drugs.myshopify.com/collections/tablets.atom]
[theme330-drugs.myshopify.com/collections/drinks-shakes/products/alka-seltzer-original-effervescent-tablets]
[theme330-drugs.myshopify.com/collections/drinks-shakes/products/alka-seltzer-original-effervescent-tablets]
[theme330-drugs.myshopify.com/collections/drinks-shakes/products/best-colon-detox-formula-advanced-colon-detox-supplement]
[theme330-drugs.myshopify.com/collections/drinks-shakes/products/best-colon-detox-formula-advanced-colon-detox-supplement]
[theme330-drugs.myshopify.com/collections/drinks-shakes/products/herb-pharm-stone-breaker-compound-for-urinary-system-support]
[theme330-drugs.myshopify.com/collections/drinks-shakes/products/herb-pharm-stone-breaker-compound-for-urinary-system-support]
[theme330-drugs.myshopify.com/collections/drinks-shakes/products/himalaya-herbal-healthcare-uricare-cystone-urinary-comfort]
[theme330-drugs.myshopify.com/collections/drinks-shakes/vitamins.html]
[theme330-drugs.myshopify.com/collections/drinks-shakes/vitamins-tablets.html]
[theme330-drugs.myshopify.com/collections/drinks-shakes/products/jarrow-formulas-methylcobalamin.html]
[theme330-drugs.myshopify.com/collections/drinks-shakes/products/natrol-biotin-10000-mcg-maximum-strength-tablets.html]
[theme330-drugs.myshopify.com/collections/drinks-shakes/products/natrol-cetylpure-capsules-120-count.html]
[theme330-drugs.myshopify.com/collections/drinks-shakes.oembed]
[theme330-drugs.myshopify.com/collections/drinks-shakes.html]
[theme330-drugs.myshopify.com/collections/feminine-care/products/herb-pharm-stone-breaker-compound-for-urinary-system-support.html]
[theme330-drugs.myshopify.com/collections/feminine-care/products/himalaya-herbal-healthcare-uricare-cystone-urinary-comfort.html]
[theme330-drugs.myshopify.com/collections/feminine-care/products/jarrow-formulas-methylcobalamin.html]
[theme330-drugs.myshopify.com/collections/feminine-care/products/natrol-biotin-10000-mcg-maximum-strength-tablets.html]
[theme330-drugs.myshopify.com/collections/feminine-care.html]
[theme330-drugs.myshopify.com/collections/health-monitors-tests/products/alka-seltzer-original-effervescent-tablets]
[theme330-drugs.myshopify.com/collections/health-monitors-tests/herbal.html]
[theme330-drugs.myshopify.com/collections/health-monitors-tests/syrup.html]
[theme330-drugs.myshopify.com/collections/health-monitors-tests/vitamins.html]
[theme330-drugs.myshopify.com/collections/health-monitors-tests/products/quantum-migrelief-60-tabs-1-bottle.html]
[cdn.shopify.com/s/files/1/1987/4325/products/quantum_migrelief_60_tabs_1_bottle_1_270x270_crop_center6cd3.png]
[theme330-drugs.myshopify.com/collections/health-monitors-tests/products/natures-way-umcka-original-alcohol-free-drops.html]
[theme330-drugs.myshopify.com/collections/health-monitors-tests/products/natures-bounty-biotin-10000-mcg-softgels-120-count.html]
[theme330-drugs.myshopify.com/collections/health-monitors-tests/products/natrol-biotin-10000-mcg-maximum-strength-tablets.html]
[theme330-drugs.myshopify.com/collections/health-monitors-tests.html]
[theme330-drugs.myshopify.com/collections/massage-spa.html]
[theme330-drugs.myshopify.com/collections/health-monitors-tests.atom]
[theme330-drugs.myshopify.com/collections/toiletry-kits/products/alka-seltzer-original-effervescent-tablets]
[theme330-drugs.myshopify.com/collections/toiletry-kits/products/herb-pharm-stone-breaker-compound-for-urinary-system-support]
[theme330-drugs.myshopify.com/collections/toiletry-kits/herbal.html]
[theme330-drugs.myshopify.com/collections/toiletry-kits/syrup.html]
[theme330-drugs.myshopify.com/collections/toiletry-kits/vitamins.html]
[theme330-drugs.myshopify.com/collections/toiletry-kits/products/natrol-biotin-10000-mcg-maximum-strength-tablets.html]
[theme330-drugs.myshopify.com/collections/toiletry-kits/products/jarrow-formulas-methylcobalamin.html]
[theme330-drugs.myshopify.com/collections/toiletry-kits.html]
[theme330-drugs.myshopify.com/collections/toiletry-kits.atom]
[cdn.shopify.com/s/files/1/1987/4325/articles/blog1_img_1170x_crop_center2d1a.jpg]
[theme330-drugs.myshopify.com/blogs/blog/drug-shortages-has-the-fda-response-made-an-impact.html]
[theme330-drugs.myshopify.com/blogs/blog/have-you-had-a-medication-that-you-could-not-afford-lately.html]
[theme330-drugs.myshopify.com/blogs/blog/national-prescription-drug-take-back-day-set-for-april-30th.html]
[theme330-drugs.myshopify.com/collections/all.html]
[cdn.shopify.com/s/files/1/1987/4325/products/alka_seltzer_original_effervescent_tablets_1_570x570_crop_top9581.png]
[cdn.shopify.com/s/files/1/1987/4325/products/alka_seltzer_original_effervescent_tablets_2_570x570_crop_top9581.png]
[cdn.shopify.com/s/files/1/1987/4325/products/alka_seltzer_original_effervescent_tablets_3_570x570_crop_top9581.png]
[cdn.shopify.com/s/files/1/1987/4325/products/alka_seltzer_original_effervescent_tablets_4_570x570_crop_top9581.png]
[cdn.shopify.com/s/files/1/1987/4325/products/alka_seltzer_original_effervescent_tablets_5_570x570_crop_top9581.png]
[cdn.shopify.com/s/files/1/1987/4325/products/alka_seltzer_original_effervescent_tablets_1_98x98_crop_top9581.png]
[cdn.shopify.com/s/files/1/1987/4325/products/alka_seltzer_original_effervescent_tablets_2_98x98_crop_top9581.png]
[cdn.shopify.com/s/files/1/1987/4325/products/alka_seltzer_original_effervescent_tablets_3_98x98_crop_top9581.png]
[cdn.shopify.com/s/files/1/1987/4325/products/alka_seltzer_original_effervescent_tablets_4_98x98_crop_top9581.png]
[cdn.shopify.com/s/files/1/1987/4325/products/alka_seltzer_original_effervescent_tablets_5_98x98_crop_top9581.png]
[theme330-drugs.myshopify.com/products/alka-seltzer-original-effervescent-tablets.html]
[theme330-drugs.myshopify.com/products/best-colon-detox-formula-advanced-colon-detox-supplement.html]
[theme330-drugs.myshopify.com/products/alka-seltzer-original-effervescent-tablets.oembed]
[cdn.shopify.com/s/files/1/1987/4325/products/herb_pharm_stone_breaker_compound_for_urinary_system_support_1_570x570_crop_top3445.png]
[cdn.shopify.com/s/files/1/1987/4325/products/herb_pharm_stone_breaker_compound_for_urinary_system_support_2_570x570_crop_top3445.png]
[cdn.shopify.com/s/files/1/1987/4325/products/herb_pharm_stone_breaker_compound_for_urinary_system_support_3_570x570_crop_top3445.png]
[cdn.shopify.com/s/files/1/1987/4325/products/herb_pharm_stone_breaker_compound_for_urinary_system_support_4_570x570_crop_top3445.png]
[cdn.shopify.com/s/files/1/1987/4325/products/herb_pharm_stone_breaker_compound_for_urinary_system_support_5_570x570_crop_top3445.png]
[cdn.shopify.com/s/files/1/1987/4325/products/herb_pharm_stone_breaker_compound_for_urinary_system_support_1_98x98_crop_top3445.png]
[cdn.shopify.com/s/files/1/1987/4325/products/herb_pharm_stone_breaker_compound_for_urinary_system_support_2_98x98_crop_top3445.png]
[cdn.shopify.com/s/files/1/1987/4325/products/herb_pharm_stone_breaker_compound_for_urinary_system_support_3_98x98_crop_top3445.png]
[cdn.shopify.com/s/files/1/1987/4325/products/herb_pharm_stone_breaker_compound_for_urinary_system_support_4_98x98_crop_top3445.png]
[cdn.shopify.com/s/files/1/1987/4325/products/herb_pharm_stone_breaker_compound_for_urinary_system_support_5_98x98_crop_top3445.png]
[theme330-drugs.myshopify.com/products/herb-pharm-stone-breaker-compound-for-urinary-system-support.html]
[theme330-drugs.myshopify.com/products/himalaya-herbal-healthcare-uricare-cystone-urinary-comfort.html]
[theme330-drugs.myshopify.com/products/herb-pharm-stone-breaker-compound-for-urinary-system-support.oembed]
[cdn.shopify.com/s/files/1/1987/4325/products/garden_of_life_raw_enzymes_men_1_570x570_crop_top3fb8.png]
[cdn.shopify.com/s/files/1/1987/4325/products/garden_of_life_raw_enzymes_men_2_570x570_crop_top3fb8.png]
[cdn.shopify.com/s/files/1/1987/4325/products/garden_of_life_raw_enzymes_men_3_570x570_crop_top3fb8.png]
[cdn.shopify.com/s/files/1/1987/4325/products/garden_of_life_raw_enzymes_men_4_570x570_crop_top3fb8.png]
[cdn.shopify.com/s/files/1/1987/4325/products/garden_of_life_raw_enzymes_men_5_570x570_crop_top3fb8.png]
[cdn.shopify.com/s/files/1/1987/4325/products/garden_of_life_raw_enzymes_men_1_98x98_crop_top3fb8.png]
[cdn.shopify.com/s/files/1/1987/4325/products/garden_of_life_raw_enzymes_men_2_98x98_crop_top3fb8.png]
[cdn.shopify.com/s/files/1/1987/4325/products/garden_of_life_raw_enzymes_men_3_98x98_crop_top3fb8.png]
[cdn.shopify.com/s/files/1/1987/4325/products/garden_of_life_raw_enzymes_men_4_98x98_crop_top3fb8.png]
[cdn.shopify.com/s/files/1/1987/4325/products/garden_of_life_raw_enzymes_men_5_98x98_crop_top3fb8.png]
[theme330-drugs.myshopify.com/products/garden-of-life-raw-enzymes-men.html]
[theme330-drugs.myshopify.com/products/garden-of-life-raw-enzymes-men.oembed]
[theme330-drugs.myshopify.com/collections/new-products/products/alka-seltzer-original-effervescent-tablets.html]
[theme330-drugs.myshopify.com/collections/new-products/products/best-colon-detox-formula-advanced-colon-detox-supplement.html]
[theme330-drugs.myshopify.com/collections/new-products/products/herb-pharm-stone-breaker-compound-for-urinary-system-support.html]
[theme330-drugs.myshopify.com/collections/new-products/products/himalaya-herbal-healthcare-uricare-cystone-urinary-comfort.html]
[cdn.shopify.com/s/files/1/1987/4325/products/quantum_migrelief_60_tabs_1_bottle_1_570x570_crop_top6cd3.png]
[cdn.shopify.com/s/files/1/1987/4325/products/quantum_migrelief_60_tabs_1_bottle_2_570x570_crop_top6cd3.png]
[cdn.shopify.com/s/files/1/1987/4325/products/quantum_migrelief_60_tabs_1_bottle_3_570x570_crop_top6cd3.png]
[cdn.shopify.com/s/files/1/1987/4325/products/quantum_migrelief_60_tabs_1_bottle_4_570x570_crop_top6cd3.png]
[cdn.shopify.com/s/files/1/1987/4325/products/quantum_migrelief_60_tabs_1_bottle_5_570x570_crop_top6cd3.png]
[cdn.shopify.com/s/files/1/1987/4325/products/quantum_migrelief_60_tabs_1_bottle_1_98x98_crop_top6cd3.png]
[cdn.shopify.com/s/files/1/1987/4325/products/quantum_migrelief_60_tabs_1_bottle_2_98x98_crop_top6cd3.png]
[cdn.shopify.com/s/files/1/1987/4325/products/quantum_migrelief_60_tabs_1_bottle_3_98x98_crop_top6cd3.png]
[cdn.shopify.com/s/files/1/1987/4325/products/quantum_migrelief_60_tabs_1_bottle_4_98x98_crop_top6cd3.png]
[cdn.shopify.com/s/files/1/1987/4325/products/quantum_migrelief_60_tabs_1_bottle_5_98x98_crop_top6cd3.png]
[theme330-drugs.myshopify.com/collections/new-products/products/quantum-migrelief-60-tabs-1-bottle.html]
[theme330-drugs.myshopify.com/products/quantum-migrelief-60-tabs-1-bottle.html]
[cdn.shopify.com/s/files/1/1987/4325/products/nexium_24hr_capsules_42_count_1_570x570_crop_topdcd6.png]
[theme330-drugs.myshopify.com/products/quantum-migrelief-60-tabs-1-bottle.oembed]
[cdn.shopify.com/s/files/1/1987/4325/products/nexium_24hr_capsules_42_count_2_570x570_crop_topdcd6.png]
[cdn.shopify.com/s/files/1/1987/4325/products/nexium_24hr_capsules_42_count_3_570x570_crop_topdcd6.png]
[cdn.shopify.com/s/files/1/1987/4325/products/nexium_24hr_capsules_42_count_4_570x570_crop_topdcd6.png]
[cdn.shopify.com/s/files/1/1987/4325/products/nexium_24hr_capsules_42_count_5_570x570_crop_topdcd6.png]
[cdn.shopify.com/s/files/1/1987/4325/products/nexium_24hr_capsules_42_count_1_98x98_crop_topdcd6.png]
[cdn.shopify.com/s/files/1/1987/4325/products/nexium_24hr_capsules_42_count_2_98x98_crop_topdcd6.png]
[cdn.shopify.com/s/files/1/1987/4325/products/nexium_24hr_capsules_42_count_3_98x98_crop_topdcd6.png]
[cdn.shopify.com/s/files/1/1987/4325/products/nexium_24hr_capsules_42_count_4_98x98_crop_topdcd6.png]
[cdn.shopify.com/s/files/1/1987/4325/products/nexium_24hr_capsules_42_count_5_98x98_crop_topdcd6.png]
[theme330-drugs.myshopify.com/collections/new-products/products/nexium-24hr-capsules-42-count.html]
[theme330-drugs.myshopify.com/products/nexium-24hr-capsules-42-count.html]
[cdn.shopify.com/s/files/1/1987/4325/products/nature_made_vitamin_d3_2000_iu_value_1_570x570_crop_top4c45.png]
[theme330-drugs.myshopify.com/products/nexium-24hr-capsules-42-count.oembed]
[cdn.shopify.com/s/files/1/1987/4325/products/nature_made_vitamin_d3_2000_iu_value_2_570x570_crop_top4c45.png]
[cdn.shopify.com/s/files/1/1987/4325/products/nature_made_vitamin_d3_2000_iu_value_3_570x570_crop_top4c45.png]
[cdn.shopify.com/s/files/1/1987/4325/products/nature_made_vitamin_d3_2000_iu_value_4_570x570_crop_top4c45.png]
[cdn.shopify.com/s/files/1/1987/4325/products/nature_made_vitamin_d3_2000_iu_value_5_570x570_crop_top4c45.png]
[cdn.shopify.com/s/files/1/1987/4325/products/nature_made_vitamin_d3_2000_iu_value_1_98x98_crop_top4c45.png]
[cdn.shopify.com/s/files/1/1987/4325/products/nature_made_vitamin_d3_2000_iu_value_2_98x98_crop_top4c45.png]
[cdn.shopify.com/s/files/1/1987/4325/products/nature_made_vitamin_d3_2000_iu_value_3_98x98_crop_top4c45.png]
[cdn.shopify.com/s/files/1/1987/4325/products/nature_made_vitamin_d3_2000_iu_value_4_98x98_crop_top4c45.png]
[cdn.shopify.com/s/files/1/1987/4325/products/nature_made_vitamin_d3_2000_iu_value_5_98x98_crop_top4c45.png]
[theme330-drugs.myshopify.com/collections/new-products/products/nature-made-vitamin-d3-2000-iu-value.html]
[theme330-drugs.myshopify.com/products/nature-made-vitamin-d3-2000-iu-value.html]
[theme330-drugs.myshopify.com/products/nature-made-vitamin-d3-2000-iu-value.oembed]
[cdn.shopify.com/s/files/1/1987/4325/products/nature_s_way_umcka_coldcare_children_s_cherry_syrup_1_570x570_crop_top14e9.png]
[cdn.shopify.com/s/files/1/1987/4325/products/nature_s_way_umcka_coldcare_children_s_cherry_syrup_2_570x570_crop_top14e9.png]
[cdn.shopify.com/s/files/1/1987/4325/products/nature_s_way_umcka_coldcare_children_s_cherry_syrup_3_570x570_crop_top14e9.png]
[cdn.shopify.com/s/files/1/1987/4325/products/nature_s_way_umcka_coldcare_children_s_cherry_syrup_4_570x570_crop_top14e9.png]
[cdn.shopify.com/s/files/1/1987/4325/products/nature_s_way_umcka_coldcare_children_s_cherry_syrup_5_570x570_crop_top14e9.png]
[cdn.shopify.com/s/files/1/1987/4325/products/nature_s_way_umcka_coldcare_children_s_cherry_syrup_1_98x98_crop_top14e9.png]
[cdn.shopify.com/s/files/1/1987/4325/products/nature_s_way_umcka_coldcare_children_s_cherry_syrup_2_98x98_crop_top14e9.png]
[cdn.shopify.com/s/files/1/1987/4325/products/nature_s_way_umcka_coldcare_children_s_cherry_syrup_3_98x98_crop_top14e9.png]
[cdn.shopify.com/s/files/1/1987/4325/products/nature_s_way_umcka_coldcare_children_s_cherry_syrup_4_98x98_crop_top14e9.png]
[cdn.shopify.com/s/files/1/1987/4325/products/nature_s_way_umcka_coldcare_children_s_cherry_syrup_5_98x98_crop_top14e9.png]
[theme330-drugs.myshopify.com/collections/new-products/products/natures-way-umcka-coldcare-childrens-cherry-syrup.html]
[theme330-drugs.myshopify.com/products/natures-way-umcka-coldcare-childrens-cherry-syrup.html]
[theme330-drugs.myshopify.com/collections/tablets/products/alka-seltzer-original-effervescent-tablets.html]
[theme330-drugs.myshopify.com/products/natures-way-umcka-coldcare-childrens-cherry-syrup.oembed]
[cdn.shopify.com/s/files/1/1987/4325/products/best_colon_detox_formula_advanced_colon_detox_supplement_1_570x570_crop_top799c.png]
[cdn.shopify.com/s/files/1/1987/4325/products/best_colon_detox_formula_advanced_colon_detox_supplement_2_570x570_crop_top799c.png]
[cdn.shopify.com/s/files/1/1987/4325/products/best_colon_detox_formula_advanced_colon_detox_supplement_3_570x570_crop_top799c.png]
[cdn.shopify.com/s/files/1/1987/4325/products/best_colon_detox_formula_advanced_colon_detox_supplement_4_570x570_crop_top799c.png]
[cdn.shopify.com/s/files/1/1987/4325/products/best_colon_detox_formula_advanced_colon_detox_supplement_5_570x570_crop_top799c.png]
[cdn.shopify.com/s/files/1/1987/4325/products/best_colon_detox_formula_advanced_colon_detox_supplement_1_98x98_crop_top799c.png]
[cdn.shopify.com/s/files/1/1987/4325/products/best_colon_detox_formula_advanced_colon_detox_supplement_2_98x98_crop_top799c.png]
[cdn.shopify.com/s/files/1/1987/4325/products/best_colon_detox_formula_advanced_colon_detox_supplement_3_98x98_crop_top799c.png]
[cdn.shopify.com/s/files/1/1987/4325/products/best_colon_detox_formula_advanced_colon_detox_supplement_4_98x98_crop_top799c.png]
[cdn.shopify.com/s/files/1/1987/4325/products/best_colon_detox_formula_advanced_colon_detox_supplement_5_98x98_crop_top799c.png]
[theme330-drugs.myshopify.com/collections/tablets/products/best-colon-detox-formula-advanced-colon-detox-supplement.html]
[theme330-drugs.myshopify.com/collections/tablets/products/herb-pharm-stone-breaker-compound-for-urinary-system-support.html]
[theme330-drugs.myshopify.com/products/best-colon-detox-formula-advanced-colon-detox-supplement.oembed]
[cdn.shopify.com/s/files/1/1987/4325/products/himalaya_herbal_healthcare_uricare_cystone_urinary_comfort_1_570x570_crop_topef04.png]
[cdn.shopify.com/s/files/1/1987/4325/products/himalaya_herbal_healthcare_uricare_cystone_urinary_comfort_2_570x570_crop_topef04.png]
[cdn.shopify.com/s/files/1/1987/4325/products/himalaya_herbal_healthcare_uricare_cystone_urinary_comfort_3_570x570_crop_topef04.png]
[cdn.shopify.com/s/files/1/1987/4325/products/himalaya_herbal_healthcare_uricare_cystone_urinary_comfort_4_570x570_crop_topef04.png]
[cdn.shopify.com/s/files/1/1987/4325/products/himalaya_herbal_healthcare_uricare_cystone_urinary_comfort_5_570x570_crop_topef04.png]
[cdn.shopify.com/s/files/1/1987/4325/products/himalaya_herbal_healthcare_uricare_cystone_urinary_comfort_1_98x98_crop_topef04.png]
[cdn.shopify.com/s/files/1/1987/4325/products/himalaya_herbal_healthcare_uricare_cystone_urinary_comfort_2_98x98_crop_topef04.png]
[cdn.shopify.com/s/files/1/1987/4325/products/himalaya_herbal_healthcare_uricare_cystone_urinary_comfort_3_98x98_crop_topef04.png]
[cdn.shopify.com/s/files/1/1987/4325/products/himalaya_herbal_healthcare_uricare_cystone_urinary_comfort_4_98x98_crop_topef04.png]
[cdn.shopify.com/s/files/1/1987/4325/products/himalaya_herbal_healthcare_uricare_cystone_urinary_comfort_5_98x98_crop_topef04.png]
[theme330-drugs.myshopify.com/collections/tablets/products/himalaya-herbal-healthcare-uricare-cystone-urinary-comfort.html]
[theme330-drugs.myshopify.com/products/himalaya-herbal-healthcare-uricare-cystone-urinary-comfort.oembed]
[cdn.shopify.com/s/files/1/1987/4325/products/hyland_s_bioplasma_tablets_1000_tablets_1_570x570_crop_top89f0.png]
[cdn.shopify.com/s/files/1/1987/4325/products/hyland_s_bioplasma_tablets_1000_tablets_2_570x570_crop_top89f0.png]
[cdn.shopify.com/s/files/1/1987/4325/products/hyland_s_bioplasma_tablets_1000_tablets_3_570x570_crop_top89f0.png]
[cdn.shopify.com/s/files/1/1987/4325/products/hyland_s_bioplasma_tablets_1000_tablets_4_570x570_crop_top89f0.png]
[cdn.shopify.com/s/files/1/1987/4325/products/hyland_s_bioplasma_tablets_1000_tablets_5_570x570_crop_top89f0.png]
[cdn.shopify.com/s/files/1/1987/4325/products/hyland_s_bioplasma_tablets_1000_tablets_1_98x98_crop_top89f0.png]
[cdn.shopify.com/s/files/1/1987/4325/products/hyland_s_bioplasma_tablets_1000_tablets_2_98x98_crop_top89f0.png]
[cdn.shopify.com/s/files/1/1987/4325/products/hyland_s_bioplasma_tablets_1000_tablets_3_98x98_crop_top89f0.png]
[cdn.shopify.com/s/files/1/1987/4325/products/hyland_s_bioplasma_tablets_1000_tablets_4_98x98_crop_top89f0.png]
[cdn.shopify.com/s/files/1/1987/4325/products/hyland_s_bioplasma_tablets_1000_tablets_5_98x98_crop_top89f0.png]
[theme330-drugs.myshopify.com/products/hylands-bioplasma-tablets-1000-tablets.html]
[theme330-drugs.myshopify.com/products/hylands-bioplasma-tablets-1000-tablets.oembed]
[cdn.shopify.com/s/files/1/1987/4325/products/hyland_s_defend_cough_and_cold_8_ounce_1_570x570_crop_topf0cf.png]
[cdn.shopify.com/s/files/1/1987/4325/products/hyland_s_defend_cough_and_cold_8_ounce_2_570x570_crop_topf0cf.png]
[cdn.shopify.com/s/files/1/1987/4325/products/hyland_s_defend_cough_and_cold_8_ounce_3_570x570_crop_topf0cf.png]
[cdn.shopify.com/s/files/1/1987/4325/products/hyland_s_defend_cough_and_cold_8_ounce_4_570x570_crop_topf0cf.png]
[cdn.shopify.com/s/files/1/1987/4325/products/hyland_s_defend_cough_and_cold_8_ounce_5_570x570_crop_topf0cf.png]
[cdn.shopify.com/s/files/1/1987/4325/products/hyland_s_defend_cough_and_cold_8_ounce_1_98x98_crop_topf0cf.png]
[cdn.shopify.com/s/files/1/1987/4325/products/hyland_s_defend_cough_and_cold_8_ounce_2_98x98_crop_topf0cf.png]
[cdn.shopify.com/s/files/1/1987/4325/products/hyland_s_defend_cough_and_cold_8_ounce_3_98x98_crop_topf0cf.png]
[cdn.shopify.com/s/files/1/1987/4325/products/hyland_s_defend_cough_and_cold_8_ounce_4_98x98_crop_topf0cf.png]
[cdn.shopify.com/s/files/1/1987/4325/products/hyland_s_defend_cough_and_cold_8_ounce_5_98x98_crop_topf0cf.png]
[theme330-drugs.myshopify.com/products/hylands-defend-cough-and-cold-8-ounce.html]
[theme330-drugs.myshopify.com/products/hylands-defend-cough-and-cold-8-ounce.oembed]
[cdn.shopify.com/s/files/1/1987/4325/products/jarrow_formulas_methylcobalamin_1_570x570_crop_topdde1.png]
[cdn.shopify.com/s/files/1/1987/4325/products/jarrow_formulas_methylcobalamin_2_570x570_crop_topdde1.png]
[cdn.shopify.com/s/files/1/1987/4325/products/jarrow_formulas_methylcobalamin_3_570x570_crop_topdde1.png]
[cdn.shopify.com/s/files/1/1987/4325/products/jarrow_formulas_methylcobalamin_4_570x570_crop_topdde1.png]
[cdn.shopify.com/s/files/1/1987/4325/products/jarrow_formulas_methylcobalamin_5_570x570_crop_topdde1.png]
[cdn.shopify.com/s/files/1/1987/4325/products/jarrow_formulas_methylcobalamin_1_98x98_crop_topdde1.png]
[cdn.shopify.com/s/files/1/1987/4325/products/jarrow_formulas_methylcobalamin_2_98x98_crop_topdde1.png]
[cdn.shopify.com/s/files/1/1987/4325/products/jarrow_formulas_methylcobalamin_3_98x98_crop_topdde1.png]
[cdn.shopify.com/s/files/1/1987/4325/products/jarrow_formulas_methylcobalamin_4_98x98_crop_topdde1.png]
[cdn.shopify.com/s/files/1/1987/4325/products/jarrow_formulas_methylcobalamin_5_98x98_crop_topdde1.png]
[theme330-drugs.myshopify.com/products/jarrow-formulas-methylcobalamin.html]
[theme330-drugs.myshopify.com/products/jarrow-formulas-methylcobalamin.oembed]
[cdn.shopify.com/s/files/1/1987/4325/products/muscle_pharm_cla_1000_mg_softgel_capsules_1_570x570_crop_top16ee.png]
[cdn.shopify.com/s/files/1/1987/4325/products/muscle_pharm_cla_1000_mg_softgel_capsules_2_570x570_crop_top16ee.png]
[cdn.shopify.com/s/files/1/1987/4325/products/muscle_pharm_cla_1000_mg_softgel_capsules_3_570x570_crop_top16ee.png]
[cdn.shopify.com/s/files/1/1987/4325/products/muscle_pharm_cla_1000_mg_softgel_capsules_4_570x570_crop_top16ee.png]
[cdn.shopify.com/s/files/1/1987/4325/products/muscle_pharm_cla_1000_mg_softgel_capsules_5_570x570_crop_top16ee.png]
[cdn.shopify.com/s/files/1/1987/4325/products/muscle_pharm_cla_1000_mg_softgel_capsules_1_98x98_crop_top16ee.png]
[cdn.shopify.com/s/files/1/1987/4325/products/muscle_pharm_cla_1000_mg_softgel_capsules_2_98x98_crop_top16ee.png]
[cdn.shopify.com/s/files/1/1987/4325/products/muscle_pharm_cla_1000_mg_softgel_capsules_3_98x98_crop_top16ee.png]
[cdn.shopify.com/s/files/1/1987/4325/products/muscle_pharm_cla_1000_mg_softgel_capsules_4_98x98_crop_top16ee.png]
[cdn.shopify.com/s/files/1/1987/4325/products/muscle_pharm_cla_1000_mg_softgel_capsules_5_98x98_crop_top16ee.png]
[theme330-drugs.myshopify.com/products/muscle-pharm-cla-1000-mg-softgel-capsules.html]
[theme330-drugs.myshopify.com/products/muscle-pharm-cla-1000-mg-softgel-capsules.oembed]
[cdn.shopify.com/s/files/1/1987/4325/products/natrol_biotin_10000_mcg_maximum_strength_tablets_1_570x570_crop_top9a93.png]
[cdn.shopify.com/s/files/1/1987/4325/products/natrol_biotin_10000_mcg_maximum_strength_tablets_2_570x570_crop_top9a93.png]
[cdn.shopify.com/s/files/1/1987/4325/products/natrol_biotin_10000_mcg_maximum_strength_tablets_3_570x570_crop_top9a93.png]
[cdn.shopify.com/s/files/1/1987/4325/products/natrol_biotin_10000_mcg_maximum_strength_tablets_4_570x570_crop_top9a93.png]
[cdn.shopify.com/s/files/1/1987/4325/products/natrol_biotin_10000_mcg_maximum_strength_tablets_5_570x570_crop_top9a93.png]
[cdn.shopify.com/s/files/1/1987/4325/products/natrol_biotin_10000_mcg_maximum_strength_tablets_1_98x98_crop_top9a93.png]
[cdn.shopify.com/s/files/1/1987/4325/products/natrol_biotin_10000_mcg_maximum_strength_tablets_2_98x98_crop_top9a93.png]
[cdn.shopify.com/s/files/1/1987/4325/products/natrol_biotin_10000_mcg_maximum_strength_tablets_3_98x98_crop_top9a93.png]
[cdn.shopify.com/s/files/1/1987/4325/products/natrol_biotin_10000_mcg_maximum_strength_tablets_4_98x98_crop_top9a93.png]
[cdn.shopify.com/s/files/1/1987/4325/products/natrol_biotin_10000_mcg_maximum_strength_tablets_5_98x98_crop_top9a93.png]
[theme330-drugs.myshopify.com/products/natrol-biotin-10000-mcg-maximum-strength-tablets.html]
[theme330-drugs.myshopify.com/products/natrol-biotin-10000-mcg-maximum-strength-tablets.oembed]
[cdn.shopify.com/s/files/1/1987/4325/products/sundown_naturals_inulin_fiber_prebiotic_mineral_supplement_capsules_1_570x570_crop_top4b76.png]
[cdn.shopify.com/s/files/1/1987/4325/products/sundown_naturals_inulin_fiber_prebiotic_mineral_supplement_capsules_2_570x570_crop_top4b76.png]
[cdn.shopify.com/s/files/1/1987/4325/products/sundown_naturals_inulin_fiber_prebiotic_mineral_supplement_capsules_3_570x570_crop_top4b76.png]
[cdn.shopify.com/s/files/1/1987/4325/products/sundown_naturals_inulin_fiber_prebiotic_mineral_supplement_capsules_4_570x570_crop_top4b76.png]
[cdn.shopify.com/s/files/1/1987/4325/products/sundown_naturals_inulin_fiber_prebiotic_mineral_supplement_capsules_5_570x570_crop_top4b76.png]
[cdn.shopify.com/s/files/1/1987/4325/products/sundown_naturals_inulin_fiber_prebiotic_mineral_supplement_capsules_1_98x98_crop_top4b76.png]
[cdn.shopify.com/s/files/1/1987/4325/products/sundown_naturals_inulin_fiber_prebiotic_mineral_supplement_capsules_2_98x98_crop_top4b76.png]
[cdn.shopify.com/s/files/1/1987/4325/products/sundown_naturals_inulin_fiber_prebiotic_mineral_supplement_capsules_3_98x98_crop_top4b76.png]
[cdn.shopify.com/s/files/1/1987/4325/products/sundown_naturals_inulin_fiber_prebiotic_mineral_supplement_capsules_4_98x98_crop_top4b76.png]
[cdn.shopify.com/s/files/1/1987/4325/products/sundown_naturals_inulin_fiber_prebiotic_mineral_supplement_capsules_5_98x98_crop_top4b76.png]
[theme330-drugs.myshopify.com/products/sundown-naturals-inulin-fiber-prebiotic-mineral-supplement-capsules.html]
[theme330-drugs.myshopify.com/products/sundown-naturals-inulin-fiber-prebiotic-mineral-supplement-capsules.oembed]
[cdn.shopify.com/s/files/1/1987/4325/products/ricola_cough_suppressant_throat_drops_green_tea_with_echinacea_sugar_free_1_570x570_crop_topa873.png]
[cdn.shopify.com/s/files/1/1987/4325/products/ricola_cough_suppressant_throat_drops_green_tea_with_echinacea_sugar_free_2_570x570_crop_topa873.png]
[cdn.shopify.com/s/files/1/1987/4325/products/ricola_cough_suppressant_throat_drops_green_tea_with_echinacea_sugar_free_3_570x570_crop_topa873.png]
[cdn.shopify.com/s/files/1/1987/4325/products/ricola_cough_suppressant_throat_drops_green_tea_with_echinacea_sugar_free_4_570x570_crop_topa873.png]
[cdn.shopify.com/s/files/1/1987/4325/products/ricola_cough_suppressant_throat_drops_green_tea_with_echinacea_sugar_free_5_570x570_crop_topa873.png]
[cdn.shopify.com/s/files/1/1987/4325/products/ricola_cough_suppressant_throat_drops_green_tea_with_echinacea_sugar_free_1_98x98_crop_topa873.png]
[cdn.shopify.com/s/files/1/1987/4325/products/ricola_cough_suppressant_throat_drops_green_tea_with_echinacea_sugar_free_2_98x98_crop_topa873.png]
[cdn.shopify.com/s/files/1/1987/4325/products/ricola_cough_suppressant_throat_drops_green_tea_with_echinacea_sugar_free_3_98x98_crop_topa873.png]
[cdn.shopify.com/s/files/1/1987/4325/products/ricola_cough_suppressant_throat_drops_green_tea_with_echinacea_sugar_free_4_98x98_crop_topa873.png]
[cdn.shopify.com/s/files/1/1987/4325/products/ricola_cough_suppressant_throat_drops_green_tea_with_echinacea_sugar_free_5_98x98_crop_topa873.png]
[theme330-drugs.myshopify.com/products/ricola-cough-suppressant-throat-drops-green-tea-with-echinacea-sugar-free.html]
[theme330-drugs.myshopify.com/products/ricola-cough-suppressant-throat-drops-green-tea-with-echinacea-sugar-free.oembed]
[theme330-drugs.myshopify.com/search03d2.html]
[theme330-drugs.myshopify.com/search9140.html]
[theme330-drugs.myshopify.com/search7e96.html]
[theme330-drugs.myshopify.com/searchabd6.html]
[cdn.shopify.com/s/global/searchbeed.css]
[theme330-drugs.myshopify.com/search.html]
[cdn.shopify.com/s/files/1/1987/4325/t/2/assets/style.scss315e.css]
[cdn.shopify.com/s/files/1/1987/4325/t/2/assets/responsive.scss315e.css]
[theme330-drugs.myshopify.com/collections/new-products/drops.html]
[theme330-drugs.myshopify.com/collections/new-products/drugstore.html]
[theme330-drugs.myshopify.com/collections/new-products/herbal.html]
[cdn.shopify.com/s/files/1/1987/4325/t/2/assets/fontawesome-webfont13ce.eot]
[theme330-drugs.myshopify.com/collections/new-products/syrup.html]
[theme330-drugs.myshopify.com/collections/new-products/tablets.html]
[theme330-drugs.myshopify.com/collections/new-products/vitamins.html]
[theme330-drugs.myshopify.com/collections/new-products/vitamins-tablets.html]
[cdn.shopify.com/s/files/1/1987/4325/products/nature_s_way_umcka_coldcare_children_s_cherry_syrup_1_270x270_crop_center14e9.png]
[theme330-drugs.myshopify.com/collections/new-products/products/natures-bounty-biotin-10000-mcg-softgels-120-count.html]
[theme330-drugs.myshopify.com/collections/new-products/products/natural-factors-vitamin-c-blueberry-raspberry-boysenberry-chewables.html]
[theme330-drugs.myshopify.com/collections/new-products/products/natrol-cetylpure-capsules-120-count.html]
[theme330-drugs.myshopify.com/collections/new-products/products/natrol-biotin-10000-mcg-maximum-strength-tablets.html]
[theme330-drugs.myshopify.com/collections/new-products4658.html]
[theme330-drugs.myshopify.com/collections/new-products9ba9.html]
[theme330-drugs.myshopify.com/collections/new-products.html]
[cdn.shopify.com/s/global/list_collectionsbeed.css]
[theme330-drugs.myshopify.com/blogs/blog/tagged/drops.html]
[theme330-drugs.myshopify.com/blogs/blog/tagged/drops.atom]
[theme330-drugs.myshopify.com/blogs/blog/tagged/drugstore.html]
[theme330-drugs.myshopify.com/blogs/blog/tagged/drugstore.atom]
[theme330-drugs.myshopify.com/blogs/blog/tagged/herbal.html]
[theme330-drugs.myshopify.com/blogs/blog/tagged/syrup.html]
[theme330-drugs.myshopify.com/blogs/blog/tagged/tablets.html]
[theme330-drugs.myshopify.com/blogs/blog/tagged/tablets.atom]
[theme330-drugs.myshopify.com/blogs/blog/tagged/vitamins.html]
[theme330-drugs.myshopify.com/collections/braces-support/products/herb-pharm-stone-breaker-compound-for-urinary-system-support.html]
[theme330-drugs.myshopify.com/collections/braces-support/products/himalaya-herbal-healthcare-uricare-cystone-urinary-comfort.html]
[theme330-drugs.myshopify.com/collections/index.html]
[theme330-drugs.myshopify.com/collections/braces-support/products/best-colon-detox-formula-advanced-colon-detox-supplement]
[theme330-drugs.myshopify.com/collections/braces-support/drops.html]
[theme330-drugs.myshopify.com/collections/braces-support/drugstore.html]
[theme330-drugs.myshopify.com/collections/braces-support/herbal.html]
[theme330-drugs.myshopify.com/collections/braces-support/syrup.html]
[theme330-drugs.myshopify.com/collections/braces-support/tablets.oembed]
[theme330-drugs.myshopify.com/collections/braces-support/tablets.html]
[theme330-drugs.myshopify.com/collections/braces-support/tablets.atom]
[theme330-drugs.myshopify.com/collections/braces-support/vitamins.html]
[theme330-drugs.myshopify.com/collections/braces-support/vitamins-tablets.html]
[theme330-drugs.myshopify.com/collections/braces-support/products/sundown-naturals-inulin-fiber-prebiotic-mineral-supplement-capsules.html]
[theme330-drugs.myshopify.com/collections/braces-support/products/ricola-cough-suppressant-throat-drops-green-tea-with-echinacea-sugar-free.html]
[theme330-drugs.myshopify.com/collections/braces-support/products/nexium-24hr-capsules-42-count.html]
[cdn.shopify.com/s/files/1/1987/4325/products/nature_s_way_umcka_original_alcohol_free_drops_1_570x570_crop_top393a.png]
[cdn.shopify.com/s/files/1/1987/4325/products/nature_s_way_umcka_original_alcohol_free_drops_2_570x570_crop_top393a.png]
[cdn.shopify.com/s/files/1/1987/4325/products/nature_s_way_umcka_original_alcohol_free_drops_3_570x570_crop_top393a.png]
[cdn.shopify.com/s/files/1/1987/4325/products/nature_s_way_umcka_original_alcohol_free_drops_4_570x570_crop_top393a.png]
[cdn.shopify.com/s/files/1/1987/4325/products/nature_s_way_umcka_original_alcohol_free_drops_5_570x570_crop_top393a.png]
[cdn.shopify.com/s/files/1/1987/4325/products/nature_s_way_umcka_original_alcohol_free_drops_1_98x98_crop_top393a.png]
[cdn.shopify.com/s/files/1/1987/4325/products/nature_s_way_umcka_original_alcohol_free_drops_2_98x98_crop_top393a.png]
[cdn.shopify.com/s/files/1/1987/4325/products/nature_s_way_umcka_original_alcohol_free_drops_3_98x98_crop_top393a.png]
[cdn.shopify.com/s/files/1/1987/4325/products/nature_s_way_umcka_original_alcohol_free_drops_4_98x98_crop_top393a.png]
[cdn.shopify.com/s/files/1/1987/4325/products/nature_s_way_umcka_original_alcohol_free_drops_5_98x98_crop_top393a.png]
[theme330-drugs.myshopify.com/collections/braces-support/products/natures-way-umcka-original-alcohol-free-drops.html]
[theme330-drugs.myshopify.com/products/natures-way-umcka-original-alcohol-free-drops.oembed]
[cdn.shopify.com/s/files/1/1987/4325/products/nature_s_bounty_biotin_10000_mcg_softgels_120_count_1_570x570_crop_topf145.png]
[cdn.shopify.com/s/files/1/1987/4325/products/nature_s_bounty_biotin_10000_mcg_softgels_120_count_2_570x570_crop_topf145.png]
[cdn.shopify.com/s/files/1/1987/4325/products/nature_s_bounty_biotin_10000_mcg_softgels_120_count_3_570x570_crop_topf145.png]
[cdn.shopify.com/s/files/1/1987/4325/products/nature_s_bounty_biotin_10000_mcg_softgels_120_count_4_570x570_crop_topf145.png]
[cdn.shopify.com/s/files/1/1987/4325/products/nature_s_bounty_biotin_10000_mcg_softgels_120_count_5_570x570_crop_topf145.png]
[cdn.shopify.com/s/files/1/1987/4325/products/nature_s_bounty_biotin_10000_mcg_softgels_120_count_1_98x98_crop_topf145.png]
[cdn.shopify.com/s/files/1/1987/4325/products/nature_s_bounty_biotin_10000_mcg_softgels_120_count_2_98x98_crop_topf145.png]
[cdn.shopify.com/s/files/1/1987/4325/products/nature_s_bounty_biotin_10000_mcg_softgels_120_count_3_98x98_crop_topf145.png]
[cdn.shopify.com/s/files/1/1987/4325/products/nature_s_bounty_biotin_10000_mcg_softgels_120_count_4_98x98_crop_topf145.png]
[cdn.shopify.com/s/files/1/1987/4325/products/nature_s_bounty_biotin_10000_mcg_softgels_120_count_5_98x98_crop_topf145.png]
[theme330-drugs.myshopify.com/collections/braces-support/products/natures-bounty-biotin-10000-mcg-softgels-120-count.html]
[theme330-drugs.myshopify.com/products/natures-bounty-biotin-10000-mcg-softgels-120-count.html]
[theme330-drugs.myshopify.com/collections/braces-support/products/nature-made-vitamin-d3-2000-iu-value.html]
[theme330-drugs.myshopify.com/products/natures-bounty-biotin-10000-mcg-softgels-120-count.oembed]
[cdn.shopify.com/s/files/1/1987/4325/products/natrol_cetylpure_capsules_120_count_1_570x570_crop_top70fb.png]
[cdn.shopify.com/s/files/1/1987/4325/products/natrol_cetylpure_capsules_120_count_2_570x570_crop_top70fb.png]
[cdn.shopify.com/s/files/1/1987/4325/products/natrol_cetylpure_capsules_120_count_3_570x570_crop_top70fb.png]
[cdn.shopify.com/s/files/1/1987/4325/products/natrol_cetylpure_capsules_120_count_4_570x570_crop_top70fb.png]
[cdn.shopify.com/s/files/1/1987/4325/products/natrol_cetylpure_capsules_120_count_5_570x570_crop_top70fb.png]
[cdn.shopify.com/s/files/1/1987/4325/products/natrol_cetylpure_capsules_120_count_1_98x98_crop_top70fb.png]
[cdn.shopify.com/s/files/1/1987/4325/products/natrol_cetylpure_capsules_120_count_2_98x98_crop_top70fb.png]
[cdn.shopify.com/s/files/1/1987/4325/products/natrol_cetylpure_capsules_120_count_3_98x98_crop_top70fb.png]
[cdn.shopify.com/s/files/1/1987/4325/products/natrol_cetylpure_capsules_120_count_4_98x98_crop_top70fb.png]
[cdn.shopify.com/s/files/1/1987/4325/products/natrol_cetylpure_capsules_120_count_5_98x98_crop_top70fb.png]
[theme330-drugs.myshopify.com/collections/braces-support/products/natrol-cetylpure-capsules-120-count.html]
[theme330-drugs.myshopify.com/products/natrol-cetylpure-capsules-120-count.html]
[theme330-drugs.myshopify.com/collections/braces-support/products/natrol-biotin-10000-mcg-maximum-strength-tablets.html]
[theme330-drugs.myshopify.com/collections/drops/products/best-colon-detox-formula-advanced-colon-detox-supplement.html]
[theme330-drugs.myshopify.com/collections/drops/products/herb-pharm-stone-breaker-compound-for-urinary-system-support.html]
[theme330-drugs.myshopify.com/collections/drops/products/himalaya-herbal-healthcare-uricare-cystone-urinary-comfort.html]
[theme330-drugs.myshopify.com/products/natrol-cetylpure-capsules-120-count.oembed]
[theme330-drugs.myshopify.com/collections/drops/products/alka-seltzer-original-effervescent-tablets.27e.delayed]
[theme330-drugs.myshopify.com/collections/drops/drops.oembed]
[theme330-drugs.myshopify.com/collections/drops/drops.html]
[theme330-drugs.myshopify.com/collections/drops/drops.atom]
[theme330-drugs.myshopify.com/collections/drops/drugstore.oembed]
[theme330-drugs.myshopify.com/collections/drops/drugstore.html]
[theme330-drugs.myshopify.com/collections/drops/herbal.html]
[theme330-drugs.myshopify.com/collections/drops/drugstore.atom]
[theme330-drugs.myshopify.com/collections/drops/syrup.oembed]
[theme330-drugs.myshopify.com/collections/drops/syrup.html]
[theme330-drugs.myshopify.com/collections/drops/tablets.html]
[theme330-drugs.myshopify.com/collections/drops/syrup.atom]
[theme330-drugs.myshopify.com/collections/drops/vitamins.oembed]
[theme330-drugs.myshopify.com/collections/drops/vitamins.html]
[theme330-drugs.myshopify.com/collections/drops/products/nexium-24hr-capsules-42-count.html]
[theme330-drugs.myshopify.com/collections/drops/products/natures-bounty-biotin-10000-mcg-softgels-120-count.html]
[theme330-drugs.myshopify.com/collections/drops/vitamins.atom]
[theme330-drugs.myshopify.com/products/natural-factors-vitamin-c-blueberry-raspberry-boysenberry-chewables.html]
[cdn.shopify.com/s/files/1/1987/4325/products/natural_factors_vitamin_c_blueberry_raspberry_boysenberry_chewables_1_570x570_crop_top6341.png]
[cdn.shopify.com/s/files/1/1987/4325/products/natural_factors_vitamin_c_blueberry_raspberry_boysenberry_chewables_2_570x570_crop_top6341.png]
[cdn.shopify.com/s/files/1/1987/4325/products/natural_factors_vitamin_c_blueberry_raspberry_boysenberry_chewables_3_570x570_crop_top6341.png]
[cdn.shopify.com/s/files/1/1987/4325/products/natural_factors_vitamin_c_blueberry_raspberry_boysenberry_chewables_4_570x570_crop_top6341.png]
[cdn.shopify.com/s/files/1/1987/4325/products/natural_factors_vitamin_c_blueberry_raspberry_boysenberry_chewables_5_570x570_crop_top6341.png]
[cdn.shopify.com/s/files/1/1987/4325/products/natural_factors_vitamin_c_blueberry_raspberry_boysenberry_chewables_1_98x98_crop_top6341.png]
[cdn.shopify.com/s/files/1/1987/4325/products/natural_factors_vitamin_c_blueberry_raspberry_boysenberry_chewables_2_98x98_crop_top6341.png]
[cdn.shopify.com/s/files/1/1987/4325/products/natural_factors_vitamin_c_blueberry_raspberry_boysenberry_chewables_3_98x98_crop_top6341.png]
[cdn.shopify.com/s/files/1/1987/4325/products/natural_factors_vitamin_c_blueberry_raspberry_boysenberry_chewables_4_98x98_crop_top6341.png]
[cdn.shopify.com/s/files/1/1987/4325/products/natural_factors_vitamin_c_blueberry_raspberry_boysenberry_chewables_5_98x98_crop_top6341.png]
[theme330-drugs.myshopify.com/collections/drops/products/natural-factors-vitamin-c-blueberry-raspberry-boysenberry-chewables.html]
[theme330-drugs.myshopify.com/collections/drops/products/natrol-biotin-10000-mcg-maximum-strength-tablets.html]
[theme330-drugs.myshopify.com/collections/drops/products/jarrow-formulas-methylcobalamin.html]
[theme330-drugs.myshopify.com/collections/herbal/products/best-colon-detox-formula-advanced-colon-detox-supplement.html]
[theme330-drugs.myshopify.com/collections/herbal/products/herb-pharm-stone-breaker-compound-for-urinary-system-support.html]
[theme330-drugs.myshopify.com/collections/herbal/products/himalaya-herbal-healthcare-uricare-cystone-urinary-comfort.html]
[theme330-drugs.myshopify.com/products/natural-factors-vitamin-c-blueberry-raspberry-boysenberry-chewables.oembed]
[theme330-drugs.myshopify.com/collections/herbal/products/alka-seltzer-original-effervescent-tablets.2aa.delayed]
[theme330-drugs.myshopify.com/collections/herbal/drops.oembed]
[theme330-drugs.myshopify.com/collections/herbal/drops.html]
[theme330-drugs.myshopify.com/collections/herbal/drops.atom]
[theme330-drugs.myshopify.com/collections/herbal/drugstore.oembed]
[theme330-drugs.myshopify.com/collections/herbal/drugstore.html]
[theme330-drugs.myshopify.com/collections/herbal/herbal.html]
[theme330-drugs.myshopify.com/collections/herbal/drugstore.atom]
[theme330-drugs.myshopify.com/collections/herbal/syrup.oembed]
[theme330-drugs.myshopify.com/collections/herbal/syrup.html]
[theme330-drugs.myshopify.com/collections/herbal/tablets.html]
[theme330-drugs.myshopify.com/collections/herbal/vitamins.html]
[theme330-drugs.myshopify.com/collections/herbal/vitamins-tablets.html]
[theme330-drugs.myshopify.com/collections/herbal/products/sundown-naturals-inulin-fiber-prebiotic-mineral-supplement-capsules.html]
[theme330-drugs.myshopify.com/collections/herbal/products/ricola-cough-suppressant-throat-drops-green-tea-with-echinacea-sugar-free.html]
[theme330-drugs.myshopify.com/collections/herbal/products/nexium-24hr-capsules-42-count.html]
[theme330-drugs.myshopify.com/collections/herbal/products/natures-way-umcka-original-alcohol-free-drops.html]
[theme330-drugs.myshopify.com/collections/herbal/products/natures-bounty-biotin-10000-mcg-softgels-120-count.html]
[theme330-drugs.myshopify.com/collections/herbal/products/nature-made-vitamin-d3-2000-iu-value.html]
[theme330-drugs.myshopify.com/collections/herbal/products/natrol-cetylpure-capsules-120-count.html]
[theme330-drugs.myshopify.com/collections/herbal/products/natrol-biotin-10000-mcg-maximum-strength-tablets.html]
[theme330-drugs.myshopify.com/collections/herbal-2.html]
[theme330-drugs.myshopify.com/collections/syrup/products/alka-seltzer-original-effervescent-tablets.html]
[theme330-drugs.myshopify.com/collections/syrup/products/best-colon-detox-formula-advanced-colon-detox-supplement.html]
[theme330-drugs.myshopify.com/collections/syrup/products/herb-pharm-stone-breaker-compound-for-urinary-system-support.html]
[theme330-drugs.myshopify.com/collections/syrup/products/himalaya-herbal-healthcare-uricare-cystone-urinary-comfort.html]
[theme330-drugs.myshopify.com/collections/syrup/drops.html]
[theme330-drugs.myshopify.com/collections/syrup/drugstore.html]
[theme330-drugs.myshopify.com/collections/syrup/herbal.html]
[theme330-drugs.myshopify.com/collections/herbal/syrup.atom]
[theme330-drugs.myshopify.com/collections/syrup/syrup.oembed]
[theme330-drugs.myshopify.com/collections/syrup/syrup.html]
[theme330-drugs.myshopify.com/collections/syrup/syrup.atom]
[theme330-drugs.myshopify.com/collections/syrup/tablets.oembed]
[theme330-drugs.myshopify.com/collections/syrup/tablets.html]
[theme330-drugs.myshopify.com/collections/syrup/vitamins.html]
[theme330-drugs.myshopify.com/collections/syrup/products/natural-factors-vitamin-c-blueberry-raspberry-boysenberry-chewables.html]
[theme330-drugs.myshopify.com/collections/syrup/products/natrol-biotin-10000-mcg-maximum-strength-tablets.html]
[theme330-drugs.myshopify.com/collections/syrup/products/jarrow-formulas-methylcobalamin.html]
[theme330-drugs.myshopify.com/collections/syrup/products/hylands-bioplasma-tablets-1000-tablets.html]
[theme330-drugs.myshopify.com/collections/syrup/tablets.atom]
[theme330-drugs.myshopify.com/collections/tablets/products/nature-made-vitamin-d3-2000-iu-value.html]
[theme330-drugs.myshopify.com/collections/tablets/products/natures-way-umcka-original-alcohol-free-drops.html]
[theme330-drugs.myshopify.com/collections/tablets/drops.oembed]
[theme330-drugs.myshopify.com/collections/tablets/drops.html]
[theme330-drugs.myshopify.com/collections/tablets/drops.atom]
[theme330-drugs.myshopify.com/collections/tablets/products/natural-factors-vitamin-c-blueberry-raspberry-boysenberry-chewables.html]
[theme330-drugs.myshopify.com/collections/tablets/products/sundown-naturals-inulin-fiber-prebiotic-mineral-supplement-capsules.html]
[theme330-drugs.myshopify.com/collections/tablets/drugstore.html]
[theme330-drugs.myshopify.com/collections/tablets/products/natrol-biotin-10000-mcg-maximum-strength-tablets.html]
[theme330-drugs.myshopify.com/collections/tablets/products/natures-way-umcka-coldcare-childrens-cherry-syrup.html]
[theme330-drugs.myshopify.com/collections/tablets/products/ricola-cough-suppressant-throat-drops-green-tea-with-echinacea-sugar-free.html]
[theme330-drugs.myshopify.com/collections/tablets/herbal.html]
[theme330-drugs.myshopify.com/collections/tablets/products/natures-bounty-biotin-10000-mcg-softgels-120-count.html]
[theme330-drugs.myshopify.com/collections/tablets/syrup.html]
[theme330-drugs.myshopify.com/collections/tablets/syrup.atom]
[theme330-drugs.myshopify.com/collections/tablets/tablets.html]
[theme330-drugs.myshopify.com/collections/tablets/vitamins.html]
[theme330-drugs.myshopify.com/collections/tablets/vitamins-tablets.oembed]
[theme330-drugs.myshopify.com/collections/tablets/vitamins-tablets.html]
[theme330-drugs.myshopify.com/collections/tablets/products/hylands-bioplasma-tablets-1000-tablets.html]
[theme330-drugs.myshopify.com/collections/tablets/products/hylands-defend-cough-and-cold-8-ounce.html]
[theme330-drugs.myshopify.com/collections/tablets/products/jarrow-formulas-methylcobalamin.html]
[theme330-drugs.myshopify.com/collections/tablets/products/muscle-pharm-cla-1000-mg-softgel-capsules.html]
[theme330-drugs.myshopify.com/collections/tablets/vitamins-tablets.atom]
[theme330-drugs.myshopify.com/collections/tablets4658.html]
[theme330-drugs.myshopify.com/collections/tablets9ba9.html]
[theme330-drugs.myshopify.com/collections/drinks-shakes/products/himalaya-herbal-healthcare-uricare-cystone-urinary-comfort.html]
[theme330-drugs.myshopify.com/collections/drinks-shakes/drops.html]
[theme330-drugs.myshopify.com/collections/drinks-shakes/herbal.html]
[theme330-drugs.myshopify.com/collections/drinks-shakes/syrup.html]
[theme330-drugs.myshopify.com/collections/drinks-shakes/tablets.html]
[theme330-drugs.myshopify.com/collections/tablets9ba9.oembed]
[theme330-drugs.myshopify.com/collections/drinks-shakes/products/alka-seltzer-original-effervescent-tablets]
[theme330-drugs.myshopify.com/collections/drinks-shakes/vitamins.html]
[theme330-drugs.myshopify.com/collections/drinks-shakes/vitamins.atom]
[theme330-drugs.myshopify.com/collections/drinks-shakes/vitamins-tablets.oembed]
[theme330-drugs.myshopify.com/collections/drinks-shakes/vitamins-tablets.html]
[theme330-drugs.myshopify.com/collections/drinks-shakes/products/hylands-defend-cough-and-cold-8-ounce.html]
[theme330-drugs.myshopify.com/collections/drinks-shakes/products/jarrow-formulas-methylcobalamin.html]
[theme330-drugs.myshopify.com/collections/drinks-shakes/products/muscle-pharm-cla-1000-mg-softgel-capsules.html]
[theme330-drugs.myshopify.com/collections/drinks-shakes/products/natrol-biotin-10000-mcg-maximum-strength-tablets.html]
[theme330-drugs.myshopify.com/collections/drinks-shakes/products/natrol-cetylpure-capsules-120-count.html]
[theme330-drugs.myshopify.com/collections/drinks-shakes-2.html]
[theme330-drugs.myshopify.com/collections/feminine-care/products/alka-seltzer-original-effervescent-tablets.html]
[theme330-drugs.myshopify.com/collections/feminine-care/products/best-colon-detox-formula-advanced-colon-detox-supplement.html]
[theme330-drugs.myshopify.com/collections/feminine-care/products/herb-pharm-stone-breaker-compound-for-urinary-system-support.html]
[theme330-drugs.myshopify.com/collections/feminine-care/products/himalaya-herbal-healthcare-uricare-cystone-urinary-comfort.html]
[theme330-drugs.myshopify.com/collections/feminine-care/drops.html]
[theme330-drugs.myshopify.com/collections/feminine-care/herbal.html]
[theme330-drugs.myshopify.com/collections/feminine-care/syrup.html]
[theme330-drugs.myshopify.com/collections/feminine-care/tablets.html]
[theme330-drugs.myshopify.com/collections/feminine-care/vitamins.html]
[theme330-drugs.myshopify.com/collections/feminine-care/vitamins-tablets.html]
[theme330-drugs.myshopify.com/collections/feminine-care/products/hylands-defend-cough-and-cold-8-ounce.html]
[theme330-drugs.myshopify.com/collections/feminine-care/products/jarrow-formulas-methylcobalamin.html]
[theme330-drugs.myshopify.com/collections/feminine-care/products/natrol-biotin-10000-mcg-maximum-strength-tablets.html]
[theme330-drugs.myshopify.com/collections/feminine-care/products/natrol-cetylpure-capsules-120-count.html]
[theme330-drugs.myshopify.com/collections/feminine-care-2.html]
[theme330-drugs.myshopify.com/collections/feminine-care-3.html]
[theme330-drugs.myshopify.com/collections/health-monitors-tests/products/alka-seltzer-original-effervescent-tablets.html]
[theme330-drugs.myshopify.com/collections/health-monitors-tests/products/best-colon-detox-formula-advanced-colon-detox-supplement.html]
[theme330-drugs.myshopify.com/collections/health-monitors-tests/products/herb-pharm-stone-breaker-compound-for-urinary-system-support.html]
[theme330-drugs.myshopify.com/collections/health-monitors-tests/products/himalaya-herbal-healthcare-uricare-cystone-urinary-comfort.html]
[theme330-drugs.myshopify.com/collections/health-monitors-tests/drops.html]
[theme330-drugs.myshopify.com/collections/health-monitors-tests/drugstore.html]
[theme330-drugs.myshopify.com/collections/health-monitors-tests/herbal.oembed]
[theme330-drugs.myshopify.com/collections/health-monitors-tests/herbal.html]
[theme330-drugs.myshopify.com/collections/health-monitors-tests/herbal.atom]
[theme330-drugs.myshopify.com/collections/health-monitors-tests/syrup.html]
[theme330-drugs.myshopify.com/collections/health-monitors-tests/tablets.html]
[theme330-drugs.myshopify.com/collections/health-monitors-tests/vitamins.html]
[theme330-drugs.myshopify.com/collections/health-monitors-tests/products/natural-factors-vitamin-c-blueberry-raspberry-boysenberry-chewables.html]
[theme330-drugs.myshopify.com/collections/health-monitors-tests/products/sundown-naturals-inulin-fiber-prebiotic-mineral-supplement-capsules.html]
[theme330-drugs.myshopify.com/collections/health-monitors-tests/products/quantum-migrelief-60-tabs-1-bottle.html]
[theme330-drugs.myshopify.com/collections/health-monitors-tests/products/natures-way-umcka-original-alcohol-free-drops.html]
[theme330-drugs.myshopify.com/collections/health-monitors-tests/products/natures-bounty-biotin-10000-mcg-softgels-120-count.html]
[theme330-drugs.myshopify.com/collections/health-monitors-tests/products/natrol-biotin-10000-mcg-maximum-strength-tablets.html]
[theme330-drugs.myshopify.com/collections/health-monitors-tests-2.html]
[theme330-drugs.myshopify.com/collections/toiletry-kits/products/alka-seltzer-original-effervescent-tablets.html]
[theme330-drugs.myshopify.com/collections/toiletry-kits/products/best-colon-detox-formula-advanced-colon-detox-supplement.html]
[theme330-drugs.myshopify.com/collections/toiletry-kits/products/herb-pharm-stone-breaker-compound-for-urinary-system-support.html]
[theme330-drugs.myshopify.com/collections/toiletry-kits/products/himalaya-herbal-healthcare-uricare-cystone-urinary-comfort.html]
[theme330-drugs.myshopify.com/collections/toiletry-kits/drops.html]
[theme330-drugs.myshopify.com/collections/toiletry-kits/drugstore.html]
[theme330-drugs.myshopify.com/collections/health-monitors-tests/vitamins.atom]
[theme330-drugs.myshopify.com/collections/toiletry-kits/herbal.oembed]
[theme330-drugs.myshopify.com/collections/toiletry-kits/herbal.html]
[theme330-drugs.myshopify.com/collections/toiletry-kits/syrup.html]
[theme330-drugs.myshopify.com/collections/toiletry-kits/tablets.html]
[theme330-drugs.myshopify.com/collections/toiletry-kits/vitamins.oembed]
[theme330-drugs.myshopify.com/collections/toiletry-kits/vitamins.html]
[theme330-drugs.myshopify.com/collections/toiletry-kits/products/ricola-cough-suppressant-throat-drops-green-tea-with-echinacea-sugar-free.html]
[theme330-drugs.myshopify.com/collections/toiletry-kits/products/nexium-24hr-capsules-42-count.html]
[theme330-drugs.myshopify.com/collections/toiletry-kits/products/nature-made-vitamin-d3-2000-iu-value.html]
[theme330-drugs.myshopify.com/collections/toiletry-kits/products/natures-bounty-biotin-10000-mcg-softgels-120-count.html]
[theme330-drugs.myshopify.com/collections/toiletry-kits/products/natrol-biotin-10000-mcg-maximum-strength-tablets.html]
[theme330-drugs.myshopify.com/collections/toiletry-kits/products/jarrow-formulas-methylcobalamin.html]
[theme330-drugs.myshopify.com/collections/toiletry-kits/products/hylands-bioplasma-tablets-1000-tablets.html]
[theme330-drugs.myshopify.com/collections/toiletry-kits-2.html]
[theme330-drugs.myshopify.com/collections/toiletry-kits/vitamins.atom]
[theme330-drugs.myshopify.com/collections/all/herbal.html]
[theme330-drugs.myshopify.com/collections/all/syrup.html]
[theme330-drugs.myshopify.com/collections/all/vitamins-tablets.html]
[cdn.shopify.com/s/files/1/1987/4325/products/garden_of_life_raw_enzymes_men_1_270x270_crop_center3fb8.png]
[theme330-drugs.myshopify.com/collections/all4658.html]
[theme330-drugs.myshopify.com/collections/all9ba9.html]
[theme330-drugs.myshopify.com/collections/all.html]
[theme330-drugs.myshopify.com/collections/new-products/products/alka-seltzer-original-effervescent-tablets.html]
[theme330-drugs.myshopify.com/collections/new-products/products/best-colon-detox-formula-advanced-colon-detox-supplement.html]
[theme330-drugs.myshopify.com/collections/new-products/products/herb-pharm-stone-breaker-compound-for-urinary-system-support.html]
[theme330-drugs.myshopify.com/collections/new-products/products/himalaya-herbal-healthcare-uricare-cystone-urinary-comfort.html]
[theme330-drugs.myshopify.com/collections/all.atom]
[cdn.shopify.com/s/global/searche9f8.css]
[theme330-drugs.myshopify.com/search03d2.html]
[theme330-drugs.myshopify.com/search9140.html]
[theme330-drugs.myshopify.com/search7e96.html]
[theme330-drugs.myshopify.com/searchabd6.html]
[cdn.shopify.com/s/global/searchbeed.css]
[theme330-drugs.myshopify.com/collections/new-products/products/jarrow-formulas-methylcobalamin.html]
[theme330-drugs.myshopify.com/collections/new-products/drops.oembed]
[theme330-drugs.myshopify.com/collections/new-products/drops.html]
[theme330-drugs.myshopify.com/collections/new-products/drops.atom]
[theme330-drugs.myshopify.com/collections/new-products/products/hylands-bioplasma-tablets-1000-tablets.html]
[theme330-drugs.myshopify.com/collections/new-products/drugstore.html]
[theme330-drugs.myshopify.com/collections/new-products/herbal.html]
[theme330-drugs.myshopify.com/collections/new-products/syrup.html]
[theme330-drugs.myshopify.com/collections/new-products/syrup.atom]
[theme330-drugs.myshopify.com/collections/new-products/tablets.oembed]
[theme330-drugs.myshopify.com/collections/new-products/tablets.html]
[theme330-drugs.myshopify.com/collections/new-products/vitamins.html]
[theme330-drugs.myshopify.com/collections/new-products/products/hylands-defend-cough-and-cold-8-ounce.html]
[theme330-drugs.myshopify.com/collections/new-products/products/garden-of-life-raw-enzymes-men.html]
[theme330-drugs.myshopify.com/collections/new-products/vitamins-tablets.html]
[theme330-drugs.myshopify.com/collections/new-products/products/natures-bounty-biotin-10000-mcg-softgels-120-count.html]
[theme330-drugs.myshopify.com/collections/new-products/products/natural-factors-vitamin-c-blueberry-raspberry-boysenberry-chewables.html]
[theme330-drugs.myshopify.com/collections/new-products/products/natrol-cetylpure-capsules-120-count.html]
[theme330-drugs.myshopify.com/collections/new-products/products/natrol-biotin-10000-mcg-maximum-strength-tablets.html]
[theme330-drugs.myshopify.com/collections/new-products/vitamins-tablets.atom]
[theme330-drugs.myshopify.com/collections/new-products4658.html]
[theme330-drugs.myshopify.com/collections/new-products4658.oembed]
[theme330-drugs.myshopify.com/collections/new-products9ba9.html]
[theme330-drugs.myshopify.com/collections/new-products-2.html]
[theme330-drugs.myshopify.com/collections/new-products-3.html]
[theme330-drugs.myshopify.com/blogs/blog/tagged/herbal-2.html]
[theme330-drugs.myshopify.com/blogs/blog/tagged/syrup-2.html]
[theme330-drugs.myshopify.com/blogs/blog/tagged/vitamins-2.html]
[theme330-drugs.myshopify.com/collections/braces-support/products/alka-seltzer-original-effervescent-tablets.html]
[theme330-drugs.myshopify.com/collections/braces-support/products/best-colon-detox-formula-advanced-colon-detox-supplement.html]
[theme330-drugs.myshopify.com/collections/braces-support/drops-2.html]
[theme330-drugs.myshopify.com/collections/braces-support/drops-3.html]
[theme330-drugs.myshopify.com/collections/braces-support/drugstore-2.html]
[theme330-drugs.myshopify.com/collections/braces-support/drugstore-3.html]
[theme330-drugs.myshopify.com/collections/braces-support/syrup-2.html]
[theme330-drugs.myshopify.com/collections/braces-support/syrup-3.html]
[theme330-drugs.myshopify.com/collections/braces-support/vitamins-2.html]
[theme330-drugs.myshopify.com/collections/braces-support/vitamins-3.html]
[theme330-drugs.myshopify.com/products/natures-way-umcka-original-alcohol-free-drops.html]
[theme330-drugs.myshopify.com/products/natural-factors-vitamin-c-blueberry-raspberry-boysenberry-chewables.html]
[theme330-drugs.myshopify.com/collections/tablets/products/nature-made-vitamin-d3-2000-iu-value.html]
[theme330-drugs.myshopify.com/collections/tablets/products/natures-way-umcka-original-alcohol-free-drops.html]
[theme330-drugs.myshopify.com/collections/tablets/products/natural-factors-vitamin-c-blueberry-raspberry-boysenberry-chewables.html]
[theme330-drugs.myshopify.com/collections/tablets/products/sundown-naturals-inulin-fiber-prebiotic-mineral-supplement-capsules.html]
[theme330-drugs.myshopify.com/collections/tablets/drugstore-2.html]
[theme330-drugs.myshopify.com/collections/tablets/drugstore-3.html]
[theme330-drugs.myshopify.com/collections/tablets/products/natrol-biotin-10000-mcg-maximum-strength-tablets.html]
[theme330-drugs.myshopify.com/collections/tablets/products/natures-way-umcka-coldcare-childrens-cherry-syrup.html]
[theme330-drugs.myshopify.com/collections/tablets/products/nexium-24hr-capsules-42-count.html]
[theme330-drugs.myshopify.com/collections/tablets/products/ricola-cough-suppressant-throat-drops-green-tea-with-echinacea-sugar-free.html]
[theme330-drugs.myshopify.com/collections/tablets/herbal-2.html]
[theme330-drugs.myshopify.com/collections/tablets/herbal-3.html]
[theme330-drugs.myshopify.com/collections/tablets/products/natures-bounty-biotin-10000-mcg-softgels-120-count.html]
[theme330-drugs.myshopify.com/collections/tablets/products/quantum-migrelief-60-tabs-1-bottle.html]
[theme330-drugs.myshopify.com/collections/tablets/syrup-2.html]
[theme330-drugs.myshopify.com/collections/tablets/tablets-2.html]
[theme330-drugs.myshopify.com/collections/tablets/tablets-3.html]
[theme330-drugs.myshopify.com/collections/tablets/vitamins-2.html]
[theme330-drugs.myshopify.com/collections/tablets/vitamins-3.html]
[theme330-drugs.myshopify.com/collections/tablets/products/natrol-cetylpure-capsules-120-count.html]
[theme330-drugs.myshopify.com/collections/tablets2679.html]
[theme330-drugs.myshopify.com/collections/tablets4658-2.html]
[theme330-drugs.myshopify.com/collections/drinks-shakes/products/alka-seltzer-original-effervescent-tablets.html]
[theme330-drugs.myshopify.com/collections/drinks-shakes/products/best-colon-detox-formula-advanced-colon-detox-supplement.html]
[theme330-drugs.myshopify.com/collections/drinks-shakes/products/herb-pharm-stone-breaker-compound-for-urinary-system-support.html]
[theme330-drugs.myshopify.com/collections/drinks-shakes/vitamins-2.html]
[theme330-drugs.myshopify.com/collections/drinks-shakes/vitamins-tablets-2.html]
[theme330-drugs.myshopify.com/collections/health-monitors-tests/syrup-2.html]
[theme330-drugs.myshopify.com/collections/health-monitors-tests/syrup-3.html]
[theme330-drugs.myshopify.com/collections/health-monitors-tests/vitamins-2.html]
[theme330-drugs.myshopify.com/collections/toiletry-kits/herbal-2.html]
[theme330-drugs.myshopify.com/collections/toiletry-kits/syrup-2.html]
[theme330-drugs.myshopify.com/collections/toiletry-kits/syrup-3.html]
[theme330-drugs.myshopify.com/collections/all/drops.html]
[theme330-drugs.myshopify.com/collections/all/drugstore.html]
[theme330-drugs.myshopify.com/collections/all/herbal.html]
[theme330-drugs.myshopify.com/collections/all/herbal.atom]
[theme330-drugs.myshopify.com/collections/all/syrup.html]
[theme330-drugs.myshopify.com/collections/all/tablets.html]
[theme330-drugs.myshopify.com/collections/all/vitamins.html]
[theme330-drugs.myshopify.com/collections/all/syrup.atom]
[theme330-drugs.myshopify.com/collections/all/vitamins-tablets.html]
[theme330-drugs.myshopify.com/collections/all4658.html]
[theme330-drugs.myshopify.com/collections/all9ba9.html]
[cdn.shopify.com/s/global/searche9f8.css]
[theme330-drugs.myshopify.com/collections/new-products/products/jarrow-formulas-methylcobalamin.html]
[theme330-drugs.myshopify.com/collections/new-products/products/hylands-bioplasma-tablets-1000-tablets.html]
[theme330-drugs.myshopify.com/collections/new-products/drugstore-2.html]
[theme330-drugs.myshopify.com/collections/new-products/drugstore-3.html]
[theme330-drugs.myshopify.com/collections/new-products/herbal-2.html]
[theme330-drugs.myshopify.com/collections/new-products/herbal-3.html]
[theme330-drugs.myshopify.com/collections/new-products/products/muscle-pharm-cla-1000-mg-softgel-capsules.html]
[theme330-drugs.myshopify.com/collections/new-products/syrup-2.html]
[theme330-drugs.myshopify.com/collections/new-products/tablets-2.html]
[theme330-drugs.myshopify.com/collections/new-products/vitamins-2.html]
[theme330-drugs.myshopify.com/collections/new-products/vitamins-3.html]
[theme330-drugs.myshopify.com/collections/new-products/products/hylands-defend-cough-and-cold-8-ounce.html]
[theme330-drugs.myshopify.com/collections/new-products/products/garden-of-life-raw-enzymes-men.html]
[theme330-drugs.myshopify.com/collections/new-products/vitamins-tablets-2.html]
[theme330-drugs.myshopify.com/collections/new-products2679.html]
[theme330-drugs.myshopify.com/collections/new-products9ba9-2.html]
[theme330-drugs.myshopify.com/collections/all/vitamins-tablets-2.html]
[theme330-drugs.myshopify.com/collections/all2679.html]
[theme330-drugs.myshopify.com/collections/all2679.html]
